source: main_test.go
expression: got
---
|
  File                                             Bytes    Chars    Lines  Words
  internal/count/testdata/TestCount/another.txt    608      608      2      80
  internal/count/testdata/TestCount/moby_dick.txt  1232921  1232921  23242  214132
  internal/count/testdata/TestCount/onemore.txt    460      460      2      63
